// Jest Snapshot v1, https://goo.gl/fbAQLP

exports[`About snapshot test renders correctly 1`] = `null`;
