// Jest Snapshot v1, https://goo.gl/fbAQLP

exports[`Footer snapshot test renders correctly 1`] = `null`;
