// Jest Snapshot v1, https://goo.gl/fbAQLP

exports[`Header snapshot test renders correctly 1`] = `
<header
  className="header"
  id="header"
>
  <h1>
    Task Tracker
  </h1>
</header>
`;
